1789338863.920791 client started (7953): version 3.2a, socket /tmp/tmux-1001/default, protocol 8
1789338863.920872 on Linux 6.8.0-138-generic #138~22.04.1-Ubuntu SMP PREEMPT_DYNAMIC Fri Aug  7 13:43:15 UTC 
1789338863.920910 using libevent 2.1.12-stable (poll); ncurses 6.3
1789338863.926677 flags are 0x18010000
1789338863.926727 socket is /tmp/tmux-1001/default
1789338863.926764 trying connect
1789338863.926812 connect failed: No such file or directory
1789338863.926861 lock file is /tmp/tmux-1001/default.lock
1789338863.926940 flock succeeded
1789338863.926953 got lock (6)
1789338863.927000 trying connect
1789338863.927036 connect failed: No such file or directory
1789338863.927666 add peer 0x589b65a9d200: 7 ((nil))
1789338863.928872 sending message 100 to peer 0x589b65a9d200 (4 bytes)
1789338863.928916 sending message 111 to peer 0x589b65a9d200 (8 bytes)
1789338863.928932 sending message 101 to peer 0x589b65a9d200 (15 bytes)
1789338863.928946 sending message 109 to peer 0x589b65a9d200 (4 bytes)
1789338863.928959 sending message 102 to peer 0x589b65a9d200 (11 bytes)
1789338863.933021 sending message 108 to peer 0x589b65a9d200 (37 bytes)
1789338863.933062 sending message 112 to peer 0x589b65a9d200 (58 bytes)
1789338863.933078 sending message 112 to peer 0x589b65a9d200 (5 bytes)
1789338863.933091 sending message 112 to peer 0x589b65a9d200 (5 bytes)
1789338863.933105 sending message 112 to peer 0x589b65a9d200 (6 bytes)
1789338863.933118 sending message 112 to peer 0x589b65a9d200 (6 bytes)
1789338863.933131 sending message 112 to peer 0x589b65a9d200 (11 bytes)
1789338863.933144 sending message 112 to peer 0x589b65a9d200 (10 bytes)
1789338863.933158 sending message 112 to peer 0x589b65a9d200 (13 bytes)
1789338863.933171 sending message 112 to peer 0x589b65a9d200 (14 bytes)
1789338863.933184 sending message 112 to peer 0x589b65a9d200 (19 bytes)
1789338863.933198 sending message 112 to peer 0x589b65a9d200 (11 bytes)
1789338863.933211 sending message 112 to peer 0x589b65a9d200 (10 bytes)
1789338863.933224 sending message 112 to peer 0x589b65a9d200 (15 bytes)
1789338863.933238 sending message 112 to peer 0x589b65a9d200 (21 bytes)
1789338863.933251 sending message 112 to peer 0x589b65a9d200 (13 bytes)
1789338863.933264 sending message 112 to peer 0x589b65a9d200 (7 bytes)
1789338863.933278 sending message 112 to peer 0x589b65a9d200 (13 bytes)
1789338863.933291 sending message 112 to peer 0x589b65a9d200 (7 bytes)
1789338863.933304 sending message 112 to peer 0x589b65a9d200 (13 bytes)
1789338863.933317 sending message 112 to peer 0x589b65a9d200 (9 bytes)
1789338863.933330 sending message 112 to peer 0x589b65a9d200 (21 bytes)
1789338863.933344 sending message 112 to peer 0x589b65a9d200 (13 bytes)
1789338863.933357 sending message 112 to peer 0x589b65a9d200 (9 bytes)
1789338863.933371 sending message 112 to peer 0x589b65a9d200 (16 bytes)
1789338863.933384 sending message 112 to peer 0x589b65a9d200 (13 bytes)
1789338863.933397 sending message 112 to peer 0x589b65a9d200 (9 bytes)
1789338863.933410 sending message 112 to peer 0x589b65a9d200 (9 bytes)
1789338863.933423 sending message 112 to peer 0x589b65a9d200 (12 bytes)
1789338863.933436 sending message 112 to peer 0x589b65a9d200 (8 bytes)
1789338863.933449 sending message 112 to peer 0x589b65a9d200 (8 bytes)
1789338863.933463 sending message 112 to peer 0x589b65a9d200 (13 bytes)
1789338863.933476 sending message 112 to peer 0x589b65a9d200 (7 bytes)
1789338863.933489 sending message 112 to peer 0x589b65a9d200 (7 bytes)
1789338863.933502 sending message 112 to peer 0x589b65a9d200 (9 bytes)
1789338863.933515 sending message 112 to peer 0x589b65a9d200 (9 bytes)
1789338863.933529 sending message 112 to peer 0x589b65a9d200 (15 bytes)
1789338863.933542 sending message 112 to peer 0x589b65a9d200 (13 bytes)
1789338863.933555 sending message 112 to peer 0x589b65a9d200 (12 bytes)
1789338863.933568 sending message 112 to peer 0x589b65a9d200 (8 bytes)
1789338863.933581 sending message 112 to peer 0x589b65a9d200 (14 bytes)
1789338863.933594 sending message 112 to peer 0x589b65a9d200 (11 bytes)
1789338863.933608 sending message 112 to peer 0x589b65a9d200 (9 bytes)
1789338863.933634 sending message 112 to peer 0x589b65a9d200 (10 bytes)
1789338863.933648 sending message 112 to peer 0x589b65a9d200 (10 bytes)
1789338863.933662 sending message 112 to peer 0x589b65a9d200 (10 bytes)
1789338863.933676 sending message 112 to peer 0x589b65a9d200 (10 bytes)
1789338863.933689 sending message 112 to peer 0x589b65a9d200 (11 bytes)
1789338863.933702 sending message 112 to peer 0x589b65a9d200 (12 bytes)
1789338863.933715 sending message 112 to peer 0x589b65a9d200 (12 bytes)
1789338863.933729 sending message 112 to peer 0x589b65a9d200 (12 bytes)
1789338863.933742 sending message 112 to peer 0x589b65a9d200 (12 bytes)
1789338863.933756 sending message 112 to peer 0x589b65a9d200 (12 bytes)
1789338863.933769 sending message 112 to peer 0x589b65a9d200 (11 bytes)
1789338863.933782 sending message 112 to peer 0x589b65a9d200 (11 bytes)
1789338863.933795 sending message 112 to peer 0x589b65a9d200 (12 bytes)
1789338863.933808 sending message 112 to peer 0x589b65a9d200 (12 bytes)
1789338863.933821 sending message 112 to peer 0x589b65a9d200 (12 bytes)
1789338863.933834 sending message 112 to peer 0x589b65a9d200 (12 bytes)
1789338863.933848 sending message 112 to peer 0x589b65a9d200 (12 bytes)
1789338863.933861 sending message 112 to peer 0x589b65a9d200 (9 bytes)
1789338863.933874 sending message 112 to peer 0x589b65a9d200 (12 bytes)
1789338863.933888 sending message 112 to peer 0x589b65a9d200 (13 bytes)
1789338863.933901 sending message 112 to peer 0x589b65a9d200 (13 bytes)
1789338863.933914 sending message 112 to peer 0x589b65a9d200 (13 bytes)
1789338863.933927 sending message 112 to peer 0x589b65a9d200 (13 bytes)
1789338863.933941 sending message 112 to peer 0x589b65a9d200 (13 bytes)
1789338863.933954 sending message 112 to peer 0x589b65a9d200 (8 bytes)
1789338863.933967 sending message 112 to peer 0x589b65a9d200 (11 bytes)
1789338863.933988 sending message 112 to peer 0x589b65a9d200 (11 bytes)
1789338863.934006 sending message 112 to peer 0x589b65a9d200 (11 bytes)
1789338863.934019 sending message 112 to peer 0x589b65a9d200 (12 bytes)
1789338863.934032 sending message 112 to peer 0x589b65a9d200 (12 bytes)
1789338863.934045 sending message 112 to peer 0x589b65a9d200 (12 bytes)
1789338863.934058 sending message 112 to peer 0x589b65a9d200 (12 bytes)
1789338863.934071 sending message 112 to peer 0x589b65a9d200 (13 bytes)
1789338863.934084 sending message 112 to peer 0x589b65a9d200 (13 bytes)
1789338863.934097 sending message 112 to peer 0x589b65a9d200 (13 bytes)
1789338863.934110 sending message 112 to peer 0x589b65a9d200 (8 bytes)
1789338863.934124 sending message 112 to peer 0x589b65a9d200 (13 bytes)
1789338863.934137 sending message 112 to peer 0x589b65a9d200 (13 bytes)
1789338863.934150 sending message 112 to peer 0x589b65a9d200 (13 bytes)
1789338863.934163 sending message 112 to peer 0x589b65a9d200 (13 bytes)
1789338863.934176 sending message 112 to peer 0x589b65a9d200 (13 bytes)
1789338863.934189 sending message 112 to peer 0x589b65a9d200 (12 bytes)
1789338863.934202 sending message 112 to peer 0x589b65a9d200 (12 bytes)
1789338863.934215 sending message 112 to peer 0x589b65a9d200 (12 bytes)
1789338863.934229 sending message 112 to peer 0x589b65a9d200 (12 bytes)
1789338863.934242 sending message 112 to peer 0x589b65a9d200 (13 bytes)
1789338863.934255 sending message 112 to peer 0x589b65a9d200 (8 bytes)
1789338863.934268 sending message 112 to peer 0x589b65a9d200 (13 bytes)
1789338863.934281 sending message 112 to peer 0x589b65a9d200 (13 bytes)
1789338863.934295 sending message 112 to peer 0x589b65a9d200 (13 bytes)
1789338863.934308 sending message 112 to peer 0x589b65a9d200 (13 bytes)
1789338863.934321 sending message 112 to peer 0x589b65a9d200 (13 bytes)
1789338863.934334 sending message 112 to peer 0x589b65a9d200 (13 bytes)
1789338863.934347 sending message 112 to peer 0x589b65a9d200 (13 bytes)
1789338863.934360 sending message 112 to peer 0x589b65a9d200 (12 bytes)
1789338863.934373 sending message 112 to peer 0x589b65a9d200 (12 bytes)
1789338863.934387 sending message 112 to peer 0x589b65a9d200 (12 bytes)
1789338863.934408 sending message 112 to peer 0x589b65a9d200 (8 bytes)
1789338863.934421 sending message 112 to peer 0x589b65a9d200 (12 bytes)
1789338863.934434 sending message 112 to peer 0x589b65a9d200 (13 bytes)
1789338863.934448 sending message 112 to peer 0x589b65a9d200 (13 bytes)
1789338863.934462 sending message 112 to peer 0x589b65a9d200 (13 bytes)
1789338863.934475 sending message 112 to peer 0x589b65a9d200 (13 bytes)
1789338863.934488 sending message 112 to peer 0x589b65a9d200 (13 bytes)
1789338863.934502 sending message 112 to peer 0x589b65a9d200 (13 bytes)
1789338863.934515 sending message 112 to peer 0x589b65a9d200 (13 bytes)
1789338863.934528 sending message 112 to peer 0x589b65a9d200 (13 bytes)
1789338863.934541 sending message 112 to peer 0x589b65a9d200 (12 bytes)
1789338863.934554 sending message 112 to peer 0x589b65a9d200 (10 bytes)
1789338863.934567 sending message 112 to peer 0x589b65a9d200 (12 bytes)
1789338863.934580 sending message 112 to peer 0x589b65a9d200 (12 bytes)
1789338863.934593 sending message 112 to peer 0x589b65a9d200 (12 bytes)
1789338863.934606 sending message 112 to peer 0x589b65a9d200 (13 bytes)
1789338863.934619 sending message 112 to peer 0x589b65a9d200 (13 bytes)
1789338863.934632 sending message 112 to peer 0x589b65a9d200 (13 bytes)
1789338863.934646 sending message 112 to peer 0x589b65a9d200 (13 bytes)
1789338863.934659 sending message 112 to peer 0x589b65a9d200 (13 bytes)
1789338863.934672 sending message 112 to peer 0x589b65a9d200 (13 bytes)
1789338863.934685 sending message 112 to peer 0x589b65a9d200 (13 bytes)
1789338863.934698 sending message 112 to peer 0x589b65a9d200 (10 bytes)
1789338863.934711 sending message 112 to peer 0x589b65a9d200 (13 bytes)
1789338863.934724 sending message 112 to peer 0x589b65a9d200 (12 bytes)
1789338863.934738 sending message 112 to peer 0x589b65a9d200 (12 bytes)
1789338863.934751 sending message 112 to peer 0x589b65a9d200 (12 bytes)
1789338863.934764 sending message 112 to peer 0x589b65a9d200 (10 bytes)
1789338863.934777 sending message 112 to peer 0x589b65a9d200 (10 bytes)
1789338863.934790 sending message 112 to peer 0x589b65a9d200 (10 bytes)
1789338863.934803 sending message 112 to peer 0x589b65a9d200 (12 bytes)
1789338863.934816 sending message 112 to peer 0x589b65a9d200 (13 bytes)
1789338863.934829 sending message 112 to peer 0x589b65a9d200 (13 bytes)
1789338863.934842 sending message 112 to peer 0x589b65a9d200 (13 bytes)
1789338863.934855 sending message 112 to peer 0x589b65a9d200 (13 bytes)
1789338863.934868 sending message 112 to peer 0x589b65a9d200 (13 bytes)
1789338863.934881 sending message 112 to peer 0x589b65a9d200 (10 bytes)
1789338863.934894 sending message 112 to peer 0x589b65a9d200 (11 bytes)
1789338863.934907 sending message 112 to peer 0x589b65a9d200 (12 bytes)
1789338863.934920 sending message 112 to peer 0x589b65a9d200 (12 bytes)
1789338863.934933 sending message 112 to peer 0x589b65a9d200 (12 bytes)
1789338863.934946 sending message 112 to peer 0x589b65a9d200 (12 bytes)
1789338863.934959 sending message 112 to peer 0x589b65a9d200 (12 bytes)
1789338863.934983 sending message 112 to peer 0x589b65a9d200 (11 bytes)
1789338863.935001 sending message 112 to peer 0x589b65a9d200 (12 bytes)
1789338863.935014 sending message 112 to peer 0x589b65a9d200 (12 bytes)
1789338863.935027 sending message 112 to peer 0x589b65a9d200 (13 bytes)
1789338863.935040 sending message 112 to peer 0x589b65a9d200 (13 bytes)
1789338863.935053 sending message 112 to peer 0x589b65a9d200 (13 bytes)
1789338863.935066 sending message 112 to peer 0x589b65a9d200 (13 bytes)
1789338863.935080 sending message 112 to peer 0x589b65a9d200 (13 bytes)
1789338863.935093 sending message 112 to peer 0x589b65a9d200 (10 bytes)
1789338863.935106 sending message 112 to peer 0x589b65a9d200 (9 bytes)
1789338863.935119 sending message 112 to peer 0x589b65a9d200 (12 bytes)
1789338863.935132 sending message 112 to peer 0x589b65a9d200 (13 bytes)
1789338863.935146 sending message 112 to peer 0x589b65a9d200 (13 bytes)
1789338863.935167 sending message 112 to peer 0x589b65a9d200 (13 bytes)
1789338863.935181 sending message 112 to peer 0x589b65a9d200 (13 bytes)
1789338863.935194 sending message 112 to peer 0x589b65a9d200 (13 bytes)
1789338863.935207 sending message 112 to peer 0x589b65a9d200 (9 bytes)
1789338863.935220 sending message 112 to peer 0x589b65a9d200 (12 bytes)
1789338863.935271 sending message 112 to peer 0x589b65a9d200 (13 bytes)
1789338863.935292 sending message 112 to peer 0x589b65a9d200 (13 bytes)
1789338863.935306 sending message 112 to peer 0x589b65a9d200 (13 bytes)
1789338863.935319 sending message 112 to peer 0x589b65a9d200 (13 bytes)
1789338863.935332 sending message 112 to peer 0x589b65a9d200 (13 bytes)
1789338863.935345 sending message 112 to peer 0x589b65a9d200 (11 bytes)
1789338863.935358 sending message 112 to peer 0x589b65a9d200 (12 bytes)
1789338863.935371 sending message 112 to peer 0x589b65a9d200 (13 bytes)
1789338863.935385 sending message 112 to peer 0x589b65a9d200 (13 bytes)
1789338863.935398 sending message 112 to peer 0x589b65a9d200 (13 bytes)
1789338863.935411 sending message 112 to peer 0x589b65a9d200 (13 bytes)
1789338863.935424 sending message 112 to peer 0x589b65a9d200 (13 bytes)
1789338863.935437 sending message 112 to peer 0x589b65a9d200 (11 bytes)
1789338863.935450 sending message 112 to peer 0x589b65a9d200 (12 bytes)
1789338863.935463 sending message 112 to peer 0x589b65a9d200 (12 bytes)
1789338863.935476 sending message 112 to peer 0x589b65a9d200 (12 bytes)
1789338863.935489 sending message 112 to peer 0x589b65a9d200 (12 bytes)
1789338863.935502 sending message 112 to peer 0x589b65a9d200 (12 bytes)
1789338863.935515 sending message 112 to peer 0x589b65a9d200 (21 bytes)
1789338863.935529 sending message 112 to peer 0x589b65a9d200 (12 bytes)
1789338863.935542 sending message 112 to peer 0x589b65a9d200 (9 bytes)
1789338863.935555 sending message 112 to peer 0x589b65a9d200 (6 bytes)
1789338863.935568 sending message 112 to peer 0x589b65a9d200 (13 bytes)
1789338863.935581 sending message 112 to peer 0x589b65a9d200 (10 bytes)
1789338863.935594 sending message 112 to peer 0x589b65a9d200 (24 bytes)
1789338863.935607 sending message 112 to peer 0x589b65a9d200 (13 bytes)
1789338863.935621 sending message 112 to peer 0x589b65a9d200 (9 bytes)
1789338863.935634 sending message 112 to peer 0x589b65a9d200 (70 bytes)
1789338863.935647 sending message 112 to peer 0x589b65a9d200 (69 bytes)
1789338863.935661 sending message 112 to peer 0x589b65a9d200 (12 bytes)
1789338863.935674 sending message 112 to peer 0x589b65a9d200 (10 bytes)
1789338863.935688 sending message 112 to peer 0x589b65a9d200 (10 bytes)
1789338863.935701 sending message 112 to peer 0x589b65a9d200 (24 bytes)
1789338863.935714 sending message 112 to peer 0x589b65a9d200 (13 bytes)
1789338863.935727 sending message 112 to peer 0x589b65a9d200 (10 bytes)
1789338863.935741 sending message 112 to peer 0x589b65a9d200 (10 bytes)
1789338863.935753 sending message 112 to peer 0x589b65a9d200 (10 bytes)
1789338863.935767 sending message 112 to peer 0x589b65a9d200 (13 bytes)
1789338863.935780 sending message 112 to peer 0x589b65a9d200 (15 bytes)
1789338863.935793 sending message 112 to peer 0x589b65a9d200 (5 bytes)
1789338863.935811 sending message 104 to peer 0x589b65a9d200 (0 bytes)
1789338863.935828 sending message 110 to peer 0x589b65a9d200 (0 bytes)
1789338863.935846 sending message 107 to peer 0x589b65a9d200 (4 bytes)
1789338863.935859 sending message 105 to peer 0x589b65a9d200 (16 bytes)
1789338863.935873 sending message 105 to peer 0x589b65a9d200 (96 bytes)
1789338863.935886 sending message 105 to peer 0x589b65a9d200 (20 bytes)
1789338863.935900 sending message 105 to peer 0x589b65a9d200 (59 bytes)
1789338863.935913 sending message 105 to peer 0x589b65a9d200 (44 bytes)
1789338863.935927 sending message 105 to peer 0x589b65a9d200 (18 bytes)
1789338863.935940 sending message 105 to peer 0x589b65a9d200 (45 bytes)
1789338863.935953 sending message 105 to peer 0x589b65a9d200 (41 bytes)
1789338863.935967 sending message 105 to peer 0x589b65a9d200 (23 bytes)
1789338863.939057 sending message 105 to peer 0x589b65a9d200 (62 bytes)
1789338863.939099 sending message 105 to peer 0x589b65a9d200 (41 bytes)
1789338863.939115 sending message 105 to peer 0x589b65a9d200 (12 bytes)
1789338863.939136 sending message 105 to peer 0x589b65a9d200 (21 bytes)
1789338863.939150 sending message 105 to peer 0x589b65a9d200 (40 bytes)
1789338863.939166 sending message 105 to peer 0x589b65a9d200 (33 bytes)
1789338863.939180 sending message 105 to peer 0x589b65a9d200 (15 bytes)
1789338863.939194 sending message 105 to peer 0x589b65a9d200 (17 bytes)
1789338863.939213 sending message 105 to peer 0x589b65a9d200 (1519 bytes)
1789338863.939242 sending message 105 to peer 0x589b65a9d200 (31 bytes)
1789338863.939263 sending message 105 to peer 0x589b65a9d200 (17 bytes)
1789338863.939277 sending message 105 to peer 0x589b65a9d200 (35 bytes)
1789338863.939291 sending message 105 to peer 0x589b65a9d200 (57 bytes)
1789338863.939305 sending message 105 to peer 0x589b65a9d200 (76 bytes)
1789338863.939320 sending message 105 to peer 0x589b65a9d200 (24 bytes)
1789338863.939334 sending message 105 to peer 0x589b65a9d200 (23 bytes)
1789338863.939348 sending message 105 to peer 0x589b65a9d200 (34 bytes)
1789338863.939361 sending message 105 to peer 0x589b65a9d200 (23 bytes)
1789338863.939375 sending message 105 to peer 0x589b65a9d200 (20 bytes)
1789338863.939390 sending message 105 to peer 0x589b65a9d200 (32 bytes)
1789338863.939404 sending message 105 to peer 0x589b65a9d200 (9 bytes)
1789338863.939419 sending message 105 to peer 0x589b65a9d200 (15 bytes)
1789338863.939433 sending message 105 to peer 0x589b65a9d200 (14 bytes)
1789338863.939447 sending message 105 to peer 0x589b65a9d200 (56 bytes)
1789338863.939474 sending message 105 to peer 0x589b65a9d200 (8 bytes)
1789338863.939489 sending message 105 to peer 0x589b65a9d200 (14 bytes)
1789338863.939503 sending message 105 to peer 0x589b65a9d200 (18 bytes)
1789338863.939518 sending message 105 to peer 0x589b65a9d200 (31 bytes)
1789338863.939535 sending message 105 to peer 0x589b65a9d200 (118 bytes)
1789338863.939550 sending message 105 to peer 0x589b65a9d200 (167 bytes)
1789338863.939564 sending message 105 to peer 0x589b65a9d200 (54 bytes)
1789338863.939579 sending message 105 to peer 0x589b65a9d200 (50 bytes)
1789338863.939593 sending message 105 to peer 0x589b65a9d200 (9 bytes)
1789338863.939607 sending message 105 to peer 0x589b65a9d200 (35 bytes)
1789338863.939622 sending message 105 to peer 0x589b65a9d200 (69 bytes)
1789338863.939636 sending message 105 to peer 0x589b65a9d200 (17 bytes)
1789338863.939651 sending message 105 to peer 0x589b65a9d200 (16 bytes)
1789338863.939665 sending message 106 to peer 0x589b65a9d200 (0 bytes)
1789338863.939703 sending message 200 to peer 0x589b65a9d200 (4 bytes)
1789338863.939718 client loop enter
1789338863.939842 client_signal: Child exited
1789338864.056110 peer 0x589b65a9d200 message 207
1789338864.056131 sending message 208 to peer 0x589b65a9d200 (0 bytes)
1789338877.508792 peer 0x589b65a9d200 message 203
1789338877.508819 sending message 205 to peer 0x589b65a9d200 (0 bytes)
1789338877.509224 peer 0x589b65a9d200 message 204
1789338877.509238 client loop exit
